// Jest Snapshot v1, https://goo.gl/fbAQLP

exports[`<GridTwoColumn/> should render two column grid 1`] = `
<div>
  <div
    class="sc-gKXOVf jmqqUV"
  >
    <div
      class="sc-jSMfEi dvSZLa"
    >
      <div
        class="sc-gsnTZi hnHgej"
      >
        <div
          class="sc-dkzDqf QEuxv"
        >
          <h1
            class="sc-bczRLJ hGDuJC"
          >
            Grid tow columns
          </h1>
          <p
            class="sc-iBkjds bNpmVk"
          >
            Lorem ipsum dolor sit amet consectetur adipisicing elit. A reprehenderit ex consequatur nesciunt, quo alias ratione consectetur dignissimos, enim magni, odio voluptates voluptatum quaerat ipsa adipisci minima laudantium soluta natus!
          </p>
        </div>
        <div
          class="sc-hKMtZM ixKqbH"
        >
          <img
            alt="Grid tow columns"
            class="sc-eCYdqJ cukpPu"
            src="assets/images/javascript.svg"
          />
        </div>
      </div>
    </div>
  </div>
</div>
`;
